INFO:  latexindent version 3.23.6, 2024-01-17, a script to indent .tex files
       latexindent lives here: /usr/share/texlive/texmf-dist/scripts/latexindent/
       Mon Jan 12 11:22:03 2026
       Filename: /home/guillemc/Documents/TAES_Mapping/__latexindent_temp_main.tex
INFO:  Processing switches:
       -y|--yaml: YAML settings specified via command line
       -c|--cruft: cruft directory
INFO:  Directory for backup files and /home/guillemc/Documents/Aeroconf_Mapping/latex/indent.log:
       /home/guillemc/Documents/Aeroconf_Mapping/latex
INFO:  YAML settings read: defaultSettings.yaml
       Reading defaultSettings.yaml from /usr/share/texlive/texmf-dist/scripts/latexindent/defaultSettings.yaml
INFO:  YAML reading settings
       Home directory is /home/guillemc
       latexindent.pl didn't find indentconfig.yaml or .indentconfig.yaml
       see all possible locations: https://latexindentpl.readthedocs.io/en/latest/sec-appendices.html#indentconfig-options)
INFO:  YAML settings read: -y switch
       YAML setting: "verbatimEnvironments:{tabular:1
       YAML setting: tabular*:1}"
       quote found in -y switch
       key: 
       value: verbatimEnvironments:{tabular:1
       double-quoted string found in -y switch: "verbatimEnvironments:{tabular:1", substitute to verbatimEnvironments:{tabular:1
       quote found in -y switch
       key: tabular*:1}
       value: 
       double-quoted string found in -y switch: "", substitute to 
       Updating mainSettings with tabular*: 1}: 
INFO:  Phase 1: searching for objects
INFO:  Phase 2: finding surrounding indentation
INFO:  Phase 3: indenting objects
INFO:  Phase 4: final indentation check
INFO:  Output routine:
       Not outputting to file; see -w and -o switches for more options.
       --------------
INFO:  Please direct all communication/issues to:
        https://github.com/cmhughes/latexindent.pl
